[    0.000000] Linux version 4.15.0-200-generic (buildd@lcy02-amd64-069) (gcc version 7.5.0 (Ubuntu 7.5.0-3ubuntu1~18.04)) #211-Ubuntu SMP Thu Nov 24 18:16:04 UTC 2022 (Ubuntu 4.15.0-200.211-generic 4.15.18)
[    0.000000] Command line: BOOT_IMAGE=/boot/vmlinuz-4.15.0-200-generic root=LABEL=cloudimg-rootfs ro console=tty1 console=ttyS0
[    0.000000] KERNEL supported cpus:
[    0.000000]   Intel GenuineIntel
[    0.000000]   AMD AuthenticAMD
[    0.000000]   Centaur CentaurHauls
[    0.000000] x86/fpu: x87 FPU will use FXSAVE
[    0.000000] e820: BIOS-provided physical RAM map:
[    0.000000] BIOS-e820: [mem 0x0000000000000000-0x000000000009fbff] usable
[    0.000000] BIOS-e820: [mem 0x000000000009fc00-0x000000000009ffff] reserved
[    0.000000] BIOS-e820: [mem 0x00000000000f0000-0x00000000000fffff] reserved
[    0.000000] BIOS-e820: [mem 0x0000000000100000-0x000000003ffeffff] usable
[    0.000000] BIOS-e820: [mem 0x000000003fff0000-0x000000003fffffff] ACPI data
[    0.000000] BIOS-e820: [mem 0x00000000fec00000-0x00000000fec00fff] reserved
[    0.000000] BIOS-e820: [mem 0x00000000fee00000-0x00000000fee00fff] reserved
[    0.000000] BIOS-e820: [mem 0x00000000fffc0000-0x00000000ffffffff] reserved
[    0.000000] NX (Execute Disable) protection: active
[    0.000000] SMBIOS 2.5 present.
[    0.000000] DMI: innotek GmbH VirtualBox/VirtualBox, BIOS VirtualBox 12/01/2006
[    0.000000] Hypervisor detected: KVM
[    0.000000] e820: last_pfn = 0x3fff0 max_arch_pfn = 0x400000000
[    0.000000] MTRR: Disabled
[    0.000000] x86/PAT: MTRRs disabled, skipping PAT initialization too.
[    0.000000] CPU MTRRs all blank - virtualized system.
[    0.000000] x86/PAT: Configuration [0-7]: WB  WT  UC- UC  WB  WT  UC- UC  
[    0.000000] found SMP MP-table at [mem 0x0009fff0-0x0009ffff]
[    0.000000] Scanning 1 areas for low memory corruption
[    0.000000] RAMDISK: [mem 0x3580f000-0x36bfefff]
[    0.000000] ACPI: Early table checksum verification disabled
[    0.000000] ACPI: RSDP 0x00000000000E0000 000024 (v02 VBOX  )
[    0.000000] ACPI: XSDT 0x000000003FFF0030 00003C (v01 VBOX   VBOXXSDT 00000001 ASL  00000061)
[    0.000000] ACPI: FACP 0x000000003FFF00F0 0000F4 (v04 VBOX   VBOXFACP 00000001 ASL  00000061)
[    0.000000] ACPI: DSDT 0x000000003FFF0470 002325 (v02 VBOX   VBOXBIOS 00000002 INTL 20100528)
[    0.000000] ACPI: FACS 0x000000003FFF0200 000040
[    0.000000] ACPI: FACS 0x000000003FFF0200 000040
[    0.000000] ACPI: APIC 0x000000003FFF0240 00005C (v02 VBOX   VBOXAPIC 00000001 ASL  00000061)
[    0.000000] ACPI: SSDT 0x000000003FFF02A0 0001CC (v01 VBOX   VBOXCPUT 00000002 INTL 20100528)
[    0.000000] ACPI: Reserving FACP table memory at [mem 0x3fff00f0-0x3fff01e3]
[    0.000000] ACPI: Reserving DSDT table memory at [mem 0x3fff0470-0x3fff2794]
[    0.000000] ACPI: Reserving FACS table memory at [mem 0x3fff0200-0x3fff023f]
[    0.000000] ACPI: Reserving FACS table memory at [mem 0x3fff0200-0x3fff023f]
[    0.000000] ACPI: Reserving APIC table memory at [mem 0x3fff0240-0x3fff029b]
[    0.000000] ACPI: Reserving SSDT table memory at [mem 0x3fff02a0-0x3fff046b]
[    0.000000] No NUMA configuration found
[    0.000000] Faking a node at [mem 0x0000000000000000-0x000000003ffeffff]
[    0.000000] NODE_DATA(0) allocated [mem 0x3ffc5000-0x3ffeffff]
[    0.000000] kvm-clock: cpu 0, msr 0:3ff44001, primary cpu clock
[    0.000000] kvm-clock: Using msrs 4b564d01 and 4b564d00
[    0.000000] kvm-clock: using sched offset of 8560319312 cycles
[    0.000000] clocksource: kvm-clock: mask: 0xffffffffffffffff max_cycles: 0x1cd42e4dffb, max_idle_ns: 881590591483 ns
[    0.000000] Zone ranges:
[    0.000000]   DMA      [mem 0x0000000000001000-0x0000000000ffffff]
[    0.000000]   DMA32    [mem 0x0000000001000000-0x000000003ffeffff]
[    0.000000]   Normal   empty
[    0.000000]   Device   empty
[    0.000000] Movable zone start for each node
[    0.000000] Early memory node ranges
[    0.000000]   node   0: [mem 0x0000000000001000-0x000000000009efff]
[    0.000000]   node   0: [mem 0x0000000000100000-0x000000003ffeffff]
[    0.000000] Reserved but unavailable: 104 pages
[    0.000000] Initmem setup node 0 [mem 0x0000000000001000-0x000000003ffeffff]
[    0.000000] ACPI: PM-Timer IO Port: 0x4008
[    0.000000] IOAPIC[0]: apic_id 2, version 32, address 0xfec00000, GSI 0-23
[    0.000000] ACPI: INT_SRC_OVR (bus 0 bus_irq 0 global_irq 2 dfl dfl)
[    0.000000] ACPI: INT_SRC_OVR (bus 0 bus_irq 9 global_irq 9 low level)
[    0.000000] Using ACPI (MADT) for SMP configuration information
[    0.000000] smpboot: Allowing 2 CPUs, 0 hotplug CPUs
[    0.000000] PM: Registered nosave memory: [mem 0x00000000-0x00000fff]
[    0.000000] PM: Registered nosave memory: [mem 0x0009f000-0x0009ffff]
[    0.000000] PM: Registered nosave memory: [mem 0x000a0000-0x000effff]
[    0.000000] PM: Registered nosave memory: [mem 0x000f0000-0x000fffff]
[    0.000000] e820: [mem 0x40000000-0xfebfffff] available for PCI devices
[    0.000000] Booting paravirtualized kernel on KVM
[    0.000000] clocksource: refined-jiffies: mask: 0xffffffff max_cycles: 0xffffffff, max_idle_ns: 7645519600211568 ns
[    0.000000] setup_percpu: NR_CPUS:8192 nr_cpumask_bits:2 nr_cpu_ids:2 nr_node_ids:1
[    0.000000] percpu: Embedded 50 pages/cpu s167936 r8192 d28672 u1048576
[    0.000000] PV qspinlock hash table entries: 256 (order: 0, 4096 bytes)
[    0.000000] Built 1 zonelists, mobility grouping on.  Total pages: 257913
[    0.000000] Policy zone: DMA32
[    0.000000] Kernel command line: BOOT_IMAGE=/boot/vmlinuz-4.15.0-200-generic root=LABEL=cloudimg-rootfs ro console=tty1 console=ttyS0
[    0.000000] Memory: 981764K/1048120K available (12300K kernel code, 2477K rwdata, 4320K rodata, 2472K init, 2720K bss, 66356K reserved, 0K cma-reserved)
[    0.000000] SLUB: HWalign=64, Order=0-3, MinObjects=0, CPUs=2, Nodes=1
[    0.000000] ftrace: allocating 39478 entries in 155 pages
[    0.004000] Hierarchical RCU implementation.
[    0.004000] 	RCU restricting CPUs from NR_CPUS=8192 to nr_cpu_ids=2.
[    0.004000] 	Tasks RCU enabled.
[    0.004000] RCU: Adjusting geometry for rcu_fanout_leaf=16, nr_cpu_ids=2
[    0.004000] NR_IRQS: 524544, nr_irqs: 440, preallocated irqs: 16
[    0.004000] Console: colour VGA+ 80x25
[    0.004000] console [tty1] enabled
[    0.004000] console [ttyS0] enabled
[    0.004000] ACPI: Core revision 20170831
[    0.004000] ACPI: 2 ACPI AML tables successfully acquired and loaded
[    0.004000] APIC: Switch to symmetric I/O mode setup
[    0.008000] ..TIMER: vector=0x30 apic1=0 pin1=2 apic2=-1 pin2=-1
[    0.008016] tsc: Detected 1190.403 MHz processor
[    0.012046] Calibrating delay loop (skipped) preset value.. 2380.80 BogoMIPS (lpj=4761612)
[    0.016018] pid_max: default: 32768 minimum: 301
[    0.024447] Security Framework initialized
[    0.028020] Yama: becoming mindful.
[    0.032377] AppArmor: AppArmor initialized
[    0.057088] Dentry cache hash table entries: 131072 (order: 8, 1048576 bytes)
[    0.067756] Inode-cache hash table entries: 65536 (order: 7, 524288 bytes)
[    0.072111] Mount-cache hash table entries: 2048 (order: 2, 16384 bytes)
[    0.076268] Mountpoint-cache hash table entries: 2048 (order: 2, 16384 bytes)
[    0.092825] Last level iTLB entries: 4KB 0, 2MB 0, 4MB 0
[    0.096018] Last level dTLB entries: 4KB 0, 2MB 0, 4MB 0, 1GB 0
[    0.100024] Spectre V1 : Mitigation: usercopy/swapgs barriers and __user pointer sanitization
[    0.104018] Spectre V2 : Mitigation: Enhanced IBRS
[    0.108019] Spectre V2 : Spectre v2 / SpectreRSB mitigation: Filling RSB on context switch
[    0.116013] Speculative Store Bypass: Vulnerable
[    0.124192] MMIO Stale Data: Vulnerable: Clear CPU buffers attempted, no microcode
[    0.128488] Freeing SMP alternatives memory: 36K
[    0.256000] smpboot: CPU0: Intel(R) Core(TM) i5-1035G1 CPU @ 1.00GHz (family: 0x6, model: 0x7e, stepping: 0x5)
[    0.257868] Performance Events: unsupported p6 CPU model 126 no PMU driver, software events only.
[    0.261046] Hierarchical SRCU implementation.
[    0.270110] NMI watchdog: Perf event create on CPU 0 failed with -2
[    0.272020] NMI watchdog: Perf NMI watchdog permanently disabled
[    0.277657] smp: Bringing up secondary CPUs ...
[    0.284116] x86: Booting SMP configuration:
[    0.288018] .... node  #0, CPUs:      #1
[    0.004000] kvm-clock: cpu 1, msr 0:3ff44041, secondary cpu clock
[    0.327532] TSC synchronization [CPU#0 -> CPU#1]:
[    0.328000] Measured 84580 cycles TSC warp between CPUs, turning off TSC clock.
[    0.328000] tsc: Marking TSC unstable due to check_tsc_sync_source failed
[    0.332923] smp: Brought up 1 node, 2 CPUs
[    0.336030] smpboot: Max logical packages: 1
[    0.340025] smpboot: Total of 2 processors activated (4761.61 BogoMIPS)
[    0.352025] devtmpfs: initialized
[    0.356363] x86/mm: Memory block size: 128MB
[    0.361859] evm: security.selinux
[    0.364014] evm: security.SMACK64
[    0.368017] evm: security.SMACK64EXEC
[    0.376027] evm: security.SMACK64TRANSMUTE
[    0.380017] evm: security.SMACK64MMAP
[    0.384017] evm: security.apparmor
[    0.388018] evm: security.ima
[    0.392016] evm: security.capability
[    0.400972] clocksource: jiffies: mask: 0xffffffff max_cycles: 0xffffffff, max_idle_ns: 7645041785100000 ns
[    0.460054] futex hash table entries: 512 (order: 3, 32768 bytes)
[    0.497480] pinctrl core: initialized pinctrl subsystem
[    0.529111] RTC time:  9:53:29, date: 05/21/23
[    0.554896] NET: Registered protocol family 16
[    0.576619] audit: initializing netlink subsys (disabled)
[    0.608799] audit: type=2000 audit(1684662816.327:1): state=initialized audit_enabled=0 res=1
[    0.612031] cpuidle: using governor ladder
[    0.632044] cpuidle: using governor menu
[    0.648150] ACPI: bus type PCI registered
[    0.668020] acpiphp: ACPI Hot Plug PCI Controller Driver version: 0.5
[    0.697842] PCI: Using configuration type 1 for base access
[    0.728021] HugeTLB registered 2.00 MiB page size, pre-allocated 0 pages
[    0.768695] ACPI: Added _OSI(Module Device)
[    0.772060] ACPI: Added _OSI(Processor Device)
[    0.780021] ACPI: Added _OSI(3.0 _SCP Extensions)
[    0.784017] ACPI: Added _OSI(Processor Aggregator Device)
[    0.788038] ACPI: Added _OSI(Linux-Dell-Video)
[    0.792026] ACPI: Added _OSI(Linux-Lenovo-NV-HDMI-Audio)
[    0.796021] ACPI: Added _OSI(Linux-HPI-Hybrid-Graphics)
[    0.803049] ACPI: Executed 1 blocks of module-level executable AML code
[    0.823360] ACPI: Interpreter enabled
[    0.824063] ACPI: (supports S0 S5)
[    0.832031] ACPI: Using IOAPIC for interrupt routing
[    0.841168] PCI: Using host bridge windows from ACPI; if necessary, use "pci=nocrs" and report a bug
[    0.844931] ACPI: Enabled 2 GPEs in block 00 to 07
[    0.895316] ACPI: PCI Root Bridge [PCI0] (domain 0000 [bus 00-ff])
[    0.896072] acpi PNP0A03:00: _OSC: OS supports [ASPM ClockPM Segments MSI]
[    0.905050] acpi PNP0A03:00: _OSC: not requesting OS control; OS requires [ExtendedConfig ASPM ClockPM MSI]
[    0.908080] acpi PNP0A03:00: fail to add MMCONFIG information, can't access extended PCI configuration space under this bridge.
[    0.917398] PCI host bridge to bus 0000:00
[    0.924057] pci_bus 0000:00: root bus resource [io  0x0000-0x0cf7 window]
[    0.928021] pci_bus 0000:00: root bus resource [io  0x0d00-0xffff window]
[    0.932030] pci_bus 0000:00: root bus resource [mem 0x000a0000-0x000bffff window]
[    0.936028] pci_bus 0000:00: root bus resource [mem 0x40000000-0xfdffffff window]
[    0.940022] pci_bus 0000:00: root bus resource [bus 00-ff]
[    0.977044] pci 0000:00:01.1: legacy IDE quirk: reg 0x10: [io  0x01f0-0x01f7]
[    0.980025] pci 0000:00:01.1: legacy IDE quirk: reg 0x14: [io  0x03f6]
[    0.984027] pci 0000:00:01.1: legacy IDE quirk: reg 0x18: [io  0x0170-0x0177]
[    0.988023] pci 0000:00:01.1: legacy IDE quirk: reg 0x1c: [io  0x0376]
[    1.083102] pci 0000:00:07.0: quirk: [io  0x4000-0x403f] claimed by PIIX4 ACPI
[    1.088025] pci 0000:00:07.0: quirk: [io  0x4100-0x410f] claimed by PIIX4 SMB
[    1.145844] ACPI: PCI Interrupt Link [LNKA] (IRQs 5 9 10 *11)
[    1.150722] ACPI: PCI Interrupt Link [LNKB] (IRQs 5 9 *10 11)
[    1.156077] ACPI: PCI Interrupt Link [LNKC] (IRQs 5 *9 10 11)
[    1.160793] ACPI: PCI Interrupt Link [LNKD] (IRQs 5 9 10 *11)
[    1.169968] SCSI subsystem initialized
[    1.180418] pci 0000:00:02.0: vgaarb: setting as boot VGA device
[    1.184000] pci 0000:00:02.0: vgaarb: VGA device added: decodes=io+mem,owns=io+mem,locks=none
[    1.184025] pci 0000:00:02.0: vgaarb: bridge control possible
[    1.188015] vgaarb: loaded
[    1.192173] ACPI: bus type USB registered
[    1.196080] usbcore: registered new interface driver usbfs
[    1.200064] usbcore: registered new interface driver hub
[    1.204079] usbcore: registered new device driver usb
[    1.209014] EDAC MC: Ver: 3.0.0
[    1.220865] PCI: Using ACPI for IRQ routing
[    1.226856] NetLabel: Initializing
[    1.228015] NetLabel:  domain hash size = 128
[    1.232014] NetLabel:  protocols = UNLABELED CIPSOv4 CALIPSO
[    1.236194] NetLabel:  unlabeled traffic allowed by default
[    1.245382] clocksource: Switched to clocksource kvm-clock
[    1.420829] VFS: Disk quotas dquot_6.6.0
[    1.452359] VFS: Dquot-cache hash table entries: 512 (order 0, 4096 bytes)
[    1.484819] AppArmor: AppArmor Filesystem Enabled
[    1.505797] pnp: PnP ACPI init
[    1.522372] pnp: PnP ACPI: found 3 devices
[    1.685974] clocksource: acpi_pm: mask: 0xffffff max_cycles: 0xffffff, max_idle_ns: 2085701024 ns
[    1.716011] NET: Registered protocol family 2
[    1.719578] IP idents hash table entries: 16384 (order: 5, 131072 bytes)
[    1.757946] TCP established hash table entries: 8192 (order: 4, 65536 bytes)
[    1.785510] TCP bind hash table entries: 8192 (order: 5, 131072 bytes)
[    1.812594] TCP: Hash tables configured (established 8192 bind 8192)
[    1.814333] UDP hash table entries: 512 (order: 2, 16384 bytes)
[    1.814333] UDP-Lite hash table entries: 512 (order: 2, 16384 bytes)
[    1.814333] NET: Registered protocol family 1
[    1.814333] pci 0000:00:00.0: Limiting direct PCI/PCI transfers
[    1.814333] pci 0000:00:01.0: Activating ISA DMA hang workarounds
[    1.814333] pci 0000:00:02.0: Video device with shadowed ROM at [mem 0x000c0000-0x000dffff]
[    1.814333] Unpacking initramfs...
[    4.152771] Freeing initrd memory: 20416K
[    4.169878] clocksource: tsc: mask: 0xffffffffffffffff max_cycles: 0x1128b1be6ad, max_idle_ns: 440795207191 ns
[    4.206720] platform rtc_cmos: registered platform RTC device (no PNP device found)
[    4.234751] Scanning for low memory corruption every 60 seconds
[    4.267223] Initialise system trusted keyrings
[    4.289388] Key type blacklist registered
[    4.310360] workingset: timestamp_bits=36 max_order=18 bucket_order=0
[    4.354258] zbud: loaded
[    4.371852] squashfs: version 4.0 (2009/01/31) Phillip Lougher
[    4.402682] fuse init (API version 7.26)
[    4.499521] Key type asymmetric registered
[    4.515467] Asymmetric key parser 'x509' registered
[    4.533781] Block layer SCSI generic (bsg) driver version 0.4 loaded (major 246)
[    4.566392] io scheduler noop registered
[    4.580559] io scheduler deadline registered
[    4.596855] io scheduler cfq registered (default)
[    4.620023] ACPI: AC Adapter [AC] (on-line)
[    4.636888] input: Power Button as /devices/LNXSYSTM:00/LNXPWRBN:00/input/input0
[    4.666371] ACPI: Power Button [PWRF]
[    4.681517] input: Sleep Button as /devices/LNXSYSTM:00/LNXSLPBN:00/input/input1
[    4.684954] ACPI: Sleep Button [SLPF]
[    4.727743] Serial: 8250/16550 driver, 32 ports, IRQ sharing enabled
[    4.734393] ACPI: Battery Slot [BAT0] (battery present)
[    4.817412] 00:02: ttyS0 at I/O 0x3f8 (irq = 4, base_baud = 115200) is a 16550A
[    4.897689] Linux agpgart interface v0.103
[    4.920071] loop: module loaded
[    4.949013] scsi host0: ata_piix
[    4.966521] scsi host1: ata_piix
[    4.980164] ata1: PATA max UDMA/33 cmd 0x1f0 ctl 0x3f6 bmdma 0xd000 irq 14
[    5.003354] ata2: PATA max UDMA/33 cmd 0x170 ctl 0x376 bmdma 0xd008 irq 15
[    5.030031] tun: Universal TUN/TAP device driver, 1.6
[    5.052695] PPP generic driver version 2.4.2
[    5.073152] ehci_hcd: USB 2.0 'Enhanced' Host Controller (EHCI) Driver
[    5.101840] ehci-pci: EHCI PCI platform driver
[    5.120843] ehci-platform: EHCI generic platform driver
[    5.144831] ohci_hcd: USB 1.1 'Open' Host Controller (OHCI) Driver
[    5.166868] ohci-pci: OHCI PCI platform driver
[    5.182263] ohci-platform: OHCI generic platform driver
[    5.206323] uhci_hcd: USB Universal Host Controller Interface driver
[    5.235897] i8042: PNP: PS/2 Controller [PNP0303:PS2K,PNP0f03:PS2M] at 0x60,0x64 irq 1,12
[    5.413993] serio: i8042 KBD port at 0x60,0x64 irq 1
[    5.433751] serio: i8042 AUX port at 0x60,0x64 irq 12
[    5.455594] mousedev: PS/2 mouse device common for all mice
[    5.486029] input: AT Translated Set 2 keyboard as /devices/platform/i8042/serio0/input/input2
[    5.519796] rtc_cmos rtc_cmos: rtc core: registered rtc_cmos as rtc0
[    5.546273] rtc_cmos rtc_cmos: alarms up to one day, 114 bytes nvram
[    5.550112] i2c /dev entries driver
[    5.550112] device-mapper: uevent: version 1.0.3
[    5.601654] device-mapper: ioctl: 4.37.0-ioctl (2017-09-20) initialised: dm-devel@redhat.com
[    5.632968] ledtrig-cpu: registered to indicate activity on CPUs
[    5.663497] NET: Registered protocol family 10
[    5.720843] Segment Routing with IPv6
[    5.734899] NET: Registered protocol family 17
[    5.752762] Key type dns_resolver registered
[    5.770833] mce: Using 0 MCE banks
[    5.786248] RAS: Correctable Errors collector initialized.
[    5.807759] sched_clock: Marking stable (5807465986, 0)->(9889583605, -4082117619)
[    5.855220] registered taskstats version 1
[    5.868672] Loading compiled-in X.509 certificates
[    5.904263] Loaded X.509 cert 'Build time autogenerated kernel key: 29e5beaa583364da097e68c9386761f80dbce7ef'
[    5.942991] Loaded X.509 cert 'Canonical Ltd. Live Patch Signing: 14df34d1a87cf37625abec039ef2bf521249b969'
[    5.980550] Loaded X.509 cert 'Canonical Ltd. Kernel Module Signing: 88f752e560a1e0737e31163a466ad7b70a850c19'
[    6.016569] blacklist: Loading compiled-in revocation X.509 certificates
[    6.046795] Loaded X.509 cert 'Canonical Ltd. Secure Boot Signing: 61482aa2830d0ab2ad5af10b7250da9033ddcef0'
[    6.085079] zswap: loaded using pool lzo/zbud
[    6.155060] Key type big_key registered
[    6.171403] Key type trusted registered
[    6.209338] Key type encrypted registered
[    6.227844] AppArmor: AppArmor sha1 policy hashing enabled
[    6.252086] ima: No TPM chip found, activating TPM-bypass! (rc=-19)
[    6.280033] ima: Allocated hash algorithm: sha1
[    6.303045] evm: HMAC attrs: 0x1
[    6.328229]   Magic number: 7:863:879
[    6.350538] rtc_cmos rtc_cmos: setting system clock to 2023-05-21 09:53:36 UTC (1684662816)
[    6.388119] BIOS EDD facility v0.16 2004-Jun-25, 0 devices found
[    6.414678] EDD information not available.
[    6.452650] Freeing unused kernel image memory: 2472K
[    6.484475] Write protecting the kernel read-only data: 20480k
[    6.513376] Freeing unused kernel image memory: 2008K
[    6.538073] Freeing unused kernel image memory: 1824K
[    6.582490] x86/mm: Checked W+X mappings: passed, no W+X pages found.
Loading, please wait...
starting version 237
[    6.995195] e1000: Intel(R) PRO/1000 Network Driver - version 7.3.21-k8-NAPI
[    7.019227] e1000: Copyright (c) 1999-2006 Intel Corporation.
[    7.099257] Fusion MPT base driver 3.04.20
[    7.118690] Copyright (c) 1999-2008 LSI Corporation
[    7.321076] Fusion MPT SPI Host driver 3.04.20
[    7.393541] vboxvideo: loading out-of-tree module taints kernel.
[    7.423924] vboxvideo: module verification failed: signature and/or required key missing - tainting kernel
[    7.475749] vboxvideo: loading version 6.1.40 r154048
[    7.518375] input: ImExPS/2 Generic Explorer Mouse as /devices/platform/i8042/serio1/input/input4
[    9.357831] e1000 0000:00:03.0 eth0: (PCI:33MHz:32-bit) 02:40:49:ac:f0:20
[    9.387506] e1000 0000:00:03.0 eth0: Intel(R) PRO/1000 Network Connection
[    9.435950] mptbase: ioc0: Initiating bringup
[    9.581916] ioc0: LSI53C1030 A0: Capabilities={Initiator}
[    9.913090] scsi host2: ioc0: LSI53C1030 A0, FwRev=00000000h, Ports=1, MaxQ=256, IRQ=20
[   10.122919] scsi 2:0:0:0: Direct-Access     VBOX     HARDDISK         1.0  PQ: 0 ANSI: 5
[   10.166494] [drm] VRAM 01000000
[   10.183465] [TTM] Zone  kernel: Available graphics memory: 504260 kiB
[   10.210212] [TTM] Initializing pool allocator
[   10.229521] [TTM] Initializing DMA pool allocator
[   10.349037] fbcon: vboxdrmfb (fb0) is primary device
[   10.373242] scsi target2:0:0: Beginning Domain Validation
[   10.397158] scsi target2:0:0: Domain Validation skipping write tests
[   10.397161] scsi target2:0:0: Ending Domain Validation
[   10.398881] scsi target2:0:0: asynchronous
[   10.409761] scsi 2:0:1:0: Direct-Access     VBOX     HARDDISK         1.0  PQ: 0 ANSI: 5
[   10.466667] Console: switching to colour frame buffer device 100x37
[   10.643441] scsi target2:0:1: Beginning Domain Validation
[   10.710746] vboxvideo 0000:00:02.0: fb0: vboxdrmfb frame buffer device
[   10.719318] scsi target2:0:1: Domain Validation skipping write tests
[   10.742106] scsi target2:0:1: Ending Domain Validation
[   10.753883] scsi target2:0:1: asynchronous
[   10.768653] [drm] Initialized vboxvideo 1.0.0 20130823 for 0000:00:02.0 on minor 0
[   10.829009] sd 2:0:0:0: [sda] 83886080 512-byte logical blocks: (42.9 GB/40.0 GiB)
[   10.874320] sd 2:0:0:0: Attached scsi generic sg0 type 0
[   10.910990] sd 2:0:0:0: [sda] Write Protect is off
[   10.948956] sd 2:0:1:0: Attached scsi generic sg1 type 0
[   10.991176] sd 2:0:0:0: [sda] Incomplete mode parameter data
[   11.033017] sd 2:0:0:0: [sda] Assuming drive cache: write through
[   11.081734] sd 2:0:1:0: [sdb] 20480 512-byte logical blocks: (10.5 MB/10.0 MiB)
[   11.133238] sd 2:0:1:0: [sdb] Write Protect is off
[   11.178665]  sda: sda1
[   11.216490] sd 2:0:1:0: [sdb] Incomplete mode parameter data
[   11.264744] sd 2:0:1:0: [sdb] Assuming drive cache: write through
[   11.376340] sd 2:0:0:0: [sda] Attached SCSI disk
[   11.484604] sd 2:0:1:0: [sdb] Attached SCSI disk
[   12.762610] e1000 0000:00:08.0 eth1: (PCI:33MHz:32-bit) 08:00:27:91:08:05
[   12.814648] e1000 0000:00:08.0 eth1: Intel(R) PRO/1000 Network Connection
[   12.881479] e1000 0000:00:03.0 enp0s3: renamed from eth0
[   12.946173] e1000 0000:00:08.0 enp0s8: renamed from eth1
